["core","database","output","salutations","styles","twitch"]